time="STATIC_TIME_FOR_TESTING" level=error msg="error attempting to generate sonobuoy manifest: config validation failed: invalid plugin name \"badName\"; name must only include lowercase alphanumeric values '.' or '-'. This is due to Kubernetes requiring various values to follow RFC 1123 for valid subdomain names"
