Installed plugin plugin into file *STATIC_FOR_TESTING*/foo.yaml from source ./testdata/pluginTests/hello-world.yaml
Installed plugin plugin into file *STATIC_FOR_TESTING*/foo2.yaml from source ./testdata/pluginTests/hello-world.yaml
filename: *STATIC_FOR_TESTING*/foo.yaml
plugin name: hello-world
source URL: foo.com
description: This is a plugin description.
---
filename: *STATIC_FOR_TESTING*/foo2.yaml
plugin name: hello-world
source URL: foo.com
description: This is a plugin description.
Deleted plugin file *STATIC_FOR_TESTING*/foo.yaml
filename: *STATIC_FOR_TESTING*/foo2.yaml
plugin name: hello-world
source URL: foo.com
description: This is a plugin description.
